// Jest Snapshot v1, https://goo.gl/fbAQLP

exports[`NX Transformer (e2e) Works in NX project Transformer works for emitted declaration 1`] = `
{
  "library1/index.js": "/******/ (() => { // webpackBootstrap
/******/ 	"use strict";
/******/ 	var __webpack_modules__ = ([
/* 0 */,
/* 1 */
/***/ ((__unused_webpack_module, exports) => {


Object.defineProperty(exports, "__esModule", ({ value: true }));
exports.name = void 0;
exports.name = "library2";


/***/ })
/******/ 	]);
/************************************************************************/
/******/ 	// The module cache
/******/ 	var __webpack_module_cache__ = {};
/******/ 	
/******/ 	// The require function
/******/ 	function __webpack_require__(moduleId) {
/******/ 		// Check if module is in cache
/******/ 		var cachedModule = __webpack_module_cache__[moduleId];
/******/ 		if (cachedModule !== undefined) {
/******/ 			return cachedModule.exports;
/******/ 		}
/******/ 		// Create a new module (and put it into the cache)
/******/ 		var module = __webpack_module_cache__[moduleId] = {
/******/ 			// no module.id needed
/******/ 			// no module.loaded needed
/******/ 			exports: {}
/******/ 		};
/******/ 	
/******/ 		// Execute the module function
/******/ 		__webpack_modules__[moduleId](module, module.exports, __webpack_require__);
/******/ 	
/******/ 		// Return the exports of the module
/******/ 		return module.exports;
/******/ 	}
/******/ 	
/************************************************************************/
var __webpack_exports__ = {};
// This entry need to be wrapped in an IIFE because it uses a non-standard name for the exports (exports).
(() => {
var exports = __webpack_exports__;

Object.defineProperty(exports, "__esModule", ({ value: true }));
const library2_1 = __webpack_require__(1);
exports["default"] = library2_1.name;
console.log(library2_1.name);

})();

var __webpack_export_target__ = exports;
for(var i in __webpack_exports__) __webpack_export_target__[i] = __webpack_exports__[i];
if(__webpack_exports__.__esModule) Object.defineProperty(__webpack_export_target__, "__esModule", { value: true });
/******/ })()
;",
  "library1/packages/library1/src/index.d.ts": "import { name as library2Name } from "../../library2/src";
export default library2Name;
",
  "library1/packages/library2/src/index.d.ts": "export declare const name = "library2";
",
}
`;
